// Jest Snapshot v1, https://goo.gl/fbAQLP

exports[`<App/> snapshot App snapshot renders correctly 1`] = `
<div
  className="container"
>
  <div
    className="header clearfix mt-5"
  >
    <h3
      className="text-muted"
    >
      Ankit Book Search
    </h3>
  </div>
  <div
    className="jumbotron"
  >
    <div
      className="form-group row"
    >
      <input
        className="mr-1 col-sm-9 form-control"
        name="searchText"
        onChange={[Function]}
        placeholder="Search Books By title, author"
        type="text"
        value=""
      />
      <button
        className="col-sm-2 btn btn-primary search"
        onClick={[Function]}
      >
        Search
      </button>
    </div>
    <div
      className="row allResult"
    />
  </div>
</div>
`;
